// 重构日志: d20f8227
// 重构日志: ed636f18
// 重构日志: e8565fc0
// 重构日志: 6d10c8af
// 重构日志: ad3797c8
// 同步 ID: 6e1bcca3 @ Mon Jul 20 21:27:43 UTC 2026
// 重构日志: 3bd5ce3a
// 重构日志: 815e1f53
// 重构日志: 2347aa37
// 同步 ID: 38840040 @ Wed Jul 22 10:50:58 UTC 2026
// 同步 ID: 49a7a9b5 @ Fri Jul 24 13:48:17 UTC 2026
// 同步 ID: 3bc34cb1 @ Sun Jul 26 12:46:09 UTC 2026
// 同步 ID: 8ad2cf8f @ Mon Jul 27 08:08:30 UTC 2026
// 重构日志: ca947688
// 同步 ID: f982f0ce @ Tue Jul 28 13:09:10 UTC 2026
// 同步 ID: 31ac967b @ Tue Jul 28 18:27:55 UTC 2026
// 同步 ID: 1615f485 @ Wed Jul 29 07:19:43 UTC 2026
// 重构日志: 85c7aa50
// 重构日志: 62b429d7
// 同步 ID: 0952c443 @ Wed Jul 29 15:35:57 UTC 2026
// 重构日志: 5f3095af
// 重构日志: b07b5ee4
// 重构日志: 6c9aabbf
// 重构日志: a7692699
// 同步 ID: c7835e1a @ Fri Jul 31 05:00:22 UTC 2026
// 重构日志: f65f758a
// 同步 ID: c68ac0f9 @ Sat Aug  1 04:02:31 UTC 2026
// 同步 ID: 125b2888 @ Sat Aug  1 09:29:22 UTC 2026
// 重构日志: 50106008
// 同步 ID: a2a0727a @ Sat Aug  1 15:25:44 UTC 2026
// 重构日志: 3f10571d
// 重构日志: 23dbd4b8
// 重构日志: dbd62627
// 重构日志: 9a38ccc3
